  Determining projects to restore...
  All projects are up-to-date for restore.
C:\Users\donal\source\repos\tracker\Tracker.Shared\Services\ILogService.cs(10,29): warning CS8625: Cannot convert null literal to non-nullable reference type. [C:\Users\donal\source\repos\tracker\Tracker.Shared\Tracker.Shared.csproj]
C:\Users\donal\source\repos\tracker\Tracker.Shared\Services\ILogService.cs(11,24): warning CS8625: Cannot convert null literal to non-nullable reference type. [C:\Users\donal\source\repos\tracker\Tracker.Shared\Tracker.Shared.csproj]
C:\Users\donal\source\repos\tracker\Tracker.Shared\Auth\AuthModels.cs(34,19): warning CS8618: Non-nullable property 'Email' must contain a non-null value when exiting constructor. Consider adding the 'required' modifier or declaring the property as nullable. [C:\Users\donal\source\repos\tracker\Tracker.Shared\Tracker.Shared.csproj]
C:\Users\donal\source\repos\tracker\Tracker.Shared\Auth\AuthModels.cs(38,19): warning CS8618: Non-nullable property 'Password' must contain a non-null value when exiting constructor. Consider adding the 'required' modifier or declaring the property as nullable. [C:\Users\donal\source\repos\tracker\Tracker.Shared\Tracker.Shared.csproj]
C:\Users\donal\source\repos\tracker\Tracker.Shared\Auth\AuthModels.cs(8,19): warning CS8618: Non-nullable property 'FirstName' must contain a non-null value when exiting constructor. Consider adding the 'required' modifier or declaring the property as nullable. [C:\Users\donal\source\repos\tracker\Tracker.Shared\Tracker.Shared.csproj]
C:\Users\donal\source\repos\tracker\Tracker.Shared\Auth\AuthModels.cs(11,19): warning CS8618: Non-nullable property 'LastName' must contain a non-null value when exiting constructor. Consider adding the 'required' modifier or declaring the property as nullable. [C:\Users\donal\source\repos\tracker\Tracker.Shared\Tracker.Shared.csproj]
C:\Users\donal\source\repos\tracker\Tracker.Shared\Auth\AuthModels.cs(15,19): warning CS8618: Non-nullable property 'Email' must contain a non-null value when exiting constructor. Consider adding the 'required' modifier or declaring the property as nullable. [C:\Users\donal\source\repos\tracker\Tracker.Shared\Tracker.Shared.csproj]
C:\Users\donal\source\repos\tracker\Tracker.Shared\Auth\AuthModels.cs(20,19): warning CS8618: Non-nullable property 'Password' must contain a non-null value when exiting constructor. Consider adding the 'required' modifier or declaring the property as nullable. [C:\Users\donal\source\repos\tracker\Tracker.Shared\Tracker.Shared.csproj]
C:\Users\donal\source\repos\tracker\Tracker.Shared\Auth\AuthModels.cs(24,19): warning CS8618: Non-nullable property 'ConfirmPassword' must contain a non-null value when exiting constructor. Consider adding the 'required' modifier or declaring the property as nullable. [C:\Users\donal\source\repos\tracker\Tracker.Shared\Tracker.Shared.csproj]
C:\Users\donal\source\repos\tracker\Tracker.Shared\Auth\AuthModels.cs(58,19): warning CS8618: Non-nullable property 'Token' must contain a non-null value when exiting constructor. Consider adding the 'required' modifier or declaring the property as nullable. [C:\Users\donal\source\repos\tracker\Tracker.Shared\Tracker.Shared.csproj]
C:\Users\donal\source\repos\tracker\Tracker.Shared\Auth\AuthModels.cs(59,19): warning CS8618: Non-nullable property 'RefreshToken' must contain a non-null value when exiting constructor. Consider adding the 'required' modifier or declaring the property as nullable. [C:\Users\donal\source\repos\tracker\Tracker.Shared\Tracker.Shared.csproj]
C:\Users\donal\source\repos\tracker\Tracker.Shared\Auth\AuthModels.cs(66,19): warning CS8618: Non-nullable property 'Email' must contain a non-null value when exiting constructor. Consider adding the 'required' modifier or declaring the property as nullable. [C:\Users\donal\source\repos\tracker\Tracker.Shared\Tracker.Shared.csproj]
C:\Users\donal\source\repos\tracker\Tracker.Shared\Models\TimelineEntryDto.cs(18,23): warning CS8618: Non-nullable property 'Event' must contain a non-null value when exiting constructor. Consider adding the 'required' modifier or declaring the property as nullable. [C:\Users\donal\source\repos\tracker\Tracker.Shared\Tracker.Shared.csproj]
C:\Users\donal\source\repos\tracker\Tracker.Shared\Models\TimelineEntryDto.cs(19,23): warning CS8618: Non-nullable property 'Description' must contain a non-null value when exiting constructor. Consider adding the 'required' modifier or declaring the property as nullable. [C:\Users\donal\source\repos\tracker\Tracker.Shared\Tracker.Shared.csproj]
C:\Users\donal\source\repos\tracker\Tracker.Shared\Auth\AuthModels.cs(45,19): warning CS8618: Non-nullable property 'Token' must contain a non-null value when exiting constructor. Consider adding the 'required' modifier or declaring the property as nullable. [C:\Users\donal\source\repos\tracker\Tracker.Shared\Tracker.Shared.csproj]
C:\Users\donal\source\repos\tracker\Tracker.Shared\Auth\AuthModels.cs(46,19): warning CS8618: Non-nullable property 'RefreshToken' must contain a non-null value when exiting constructor. Consider adding the 'required' modifier or declaring the property as nullable. [C:\Users\donal\source\repos\tracker\Tracker.Shared\Tracker.Shared.csproj]
C:\Users\donal\source\repos\tracker\Tracker.Shared\Auth\AuthModels.cs(48,19): warning CS8618: Non-nullable property 'UserId' must contain a non-null value when exiting constructor. Consider adding the 'required' modifier or declaring the property as nullable. [C:\Users\donal\source\repos\tracker\Tracker.Shared\Tracker.Shared.csproj]
C:\Users\donal\source\repos\tracker\Tracker.Shared\Auth\AuthModels.cs(49,19): warning CS8618: Non-nullable property 'Email' must contain a non-null value when exiting constructor. Consider adding the 'required' modifier or declaring the property as nullable. [C:\Users\donal\source\repos\tracker\Tracker.Shared\Tracker.Shared.csproj]
C:\Users\donal\source\repos\tracker\Tracker.Shared\Auth\AuthModels.cs(50,19): warning CS8618: Non-nullable property 'FirstName' must contain a non-null value when exiting constructor. Consider adding the 'required' modifier or declaring the property as nullable. [C:\Users\donal\source\repos\tracker\Tracker.Shared\Tracker.Shared.csproj]
C:\Users\donal\source\repos\tracker\Tracker.Shared\Auth\AuthModels.cs(51,19): warning CS8618: Non-nullable property 'LastName' must contain a non-null value when exiting constructor. Consider adding the 'required' modifier or declaring the property as nullable. [C:\Users\donal\source\repos\tracker\Tracker.Shared\Tracker.Shared.csproj]
C:\Users\donal\source\repos\tracker\Tracker.Shared\Auth\AuthModels.cs(52,19): warning CS8618: Non-nullable property 'Role' must contain a non-null value when exiting constructor. Consider adding the 'required' modifier or declaring the property as nullable. [C:\Users\donal\source\repos\tracker\Tracker.Shared\Tracker.Shared.csproj]
C:\Users\donal\source\repos\tracker\Tracker.Shared\Auth\AuthModels.cs(53,19): warning CS8618: Non-nullable property 'OrganizationId' must contain a non-null value when exiting constructor. Consider adding the 'required' modifier or declaring the property as nullable. [C:\Users\donal\source\repos\tracker\Tracker.Shared\Tracker.Shared.csproj]
C:\Users\donal\source\repos\tracker\Tracker.Shared\Models\TimelineEntryDto.cs(7,23): warning CS8618: Non-nullable property 'Id' must contain a non-null value when exiting constructor. Consider adding the 'required' modifier or declaring the property as nullable. [C:\Users\donal\source\repos\tracker\Tracker.Shared\Tracker.Shared.csproj]
C:\Users\donal\source\repos\tracker\Tracker.Shared\Models\TimelineEntryDto.cs(8,23): warning CS8618: Non-nullable property 'IncidentId' must contain a non-null value when exiting constructor. Consider adding the 'required' modifier or declaring the property as nullable. [C:\Users\donal\source\repos\tracker\Tracker.Shared\Tracker.Shared.csproj]
C:\Users\donal\source\repos\tracker\Tracker.Shared\Models\TimelineEntryDto.cs(10,23): warning CS8618: Non-nullable property 'Event' must contain a non-null value when exiting constructor. Consider adding the 'required' modifier or declaring the property as nullable. [C:\Users\donal\source\repos\tracker\Tracker.Shared\Tracker.Shared.csproj]
C:\Users\donal\source\repos\tracker\Tracker.Shared\Models\TimelineEntryDto.cs(11,23): warning CS8618: Non-nullable property 'Description' must contain a non-null value when exiting constructor. Consider adding the 'required' modifier or declaring the property as nullable. [C:\Users\donal\source\repos\tracker\Tracker.Shared\Tracker.Shared.csproj]
C:\Users\donal\source\repos\tracker\Tracker.Shared\Models\TimelineEntryDto.cs(12,23): warning CS8618: Non-nullable property 'UpdatedById' must contain a non-null value when exiting constructor. Consider adding the 'required' modifier or declaring the property as nullable. [C:\Users\donal\source\repos\tracker\Tracker.Shared\Tracker.Shared.csproj]
C:\Users\donal\source\repos\tracker\Tracker.Shared\Models\TimelineEntryDto.cs(13,23): warning CS8618: Non-nullable property 'UpdatedByName' must contain a non-null value when exiting constructor. Consider adding the 'required' modifier or declaring the property as nullable. [C:\Users\donal\source\repos\tracker\Tracker.Shared\Tracker.Shared.csproj]
C:\Users\donal\source\repos\tracker\Tracker.Shared\Auth\AuthModels.cs(73,19): warning CS8618: Non-nullable property 'Email' must contain a non-null value when exiting constructor. Consider adding the 'required' modifier or declaring the property as nullable. [C:\Users\donal\source\repos\tracker\Tracker.Shared\Tracker.Shared.csproj]
C:\Users\donal\source\repos\tracker\Tracker.Shared\Auth\AuthModels.cs(78,19): warning CS8618: Non-nullable property 'Password' must contain a non-null value when exiting constructor. Consider adding the 'required' modifier or declaring the property as nullable. [C:\Users\donal\source\repos\tracker\Tracker.Shared\Tracker.Shared.csproj]
C:\Users\donal\source\repos\tracker\Tracker.Shared\Auth\AuthModels.cs(82,19): warning CS8618: Non-nullable property 'ConfirmPassword' must contain a non-null value when exiting constructor. Consider adding the 'required' modifier or declaring the property as nullable. [C:\Users\donal\source\repos\tracker\Tracker.Shared\Tracker.Shared.csproj]
C:\Users\donal\source\repos\tracker\Tracker.Shared\Auth\AuthModels.cs(85,19): warning CS8618: Non-nullable property 'Token' must contain a non-null value when exiting constructor. Consider adding the 'required' modifier or declaring the property as nullable. [C:\Users\donal\source\repos\tracker\Tracker.Shared\Tracker.Shared.csproj]
C:\Users\donal\source\repos\tracker\Tracker.Shared\Auth\AuthModels.cs(92,19): warning CS8618: Non-nullable property 'CurrentPassword' must contain a non-null value when exiting constructor. Consider adding the 'required' modifier or declaring the property as nullable. [C:\Users\donal\source\repos\tracker\Tracker.Shared\Tracker.Shared.csproj]
C:\Users\donal\source\repos\tracker\Tracker.Shared\Auth\AuthModels.cs(97,19): warning CS8618: Non-nullable property 'NewPassword' must contain a non-null value when exiting constructor. Consider adding the 'required' modifier or declaring the property as nullable. [C:\Users\donal\source\repos\tracker\Tracker.Shared\Tracker.Shared.csproj]
C:\Users\donal\source\repos\tracker\Tracker.Shared\Auth\AuthModels.cs(101,19): warning CS8618: Non-nullable property 'ConfirmNewPassword' must contain a non-null value when exiting constructor. Consider adding the 'required' modifier or declaring the property as nullable. [C:\Users\donal\source\repos\tracker\Tracker.Shared\Tracker.Shared.csproj]
C:\Users\donal\source\repos\tracker\Tracker.Shared\Auth\AuthModels.cs(106,19): warning CS8618: Non-nullable property 'Id' must contain a non-null value when exiting constructor. Consider adding the 'required' modifier or declaring the property as nullable. [C:\Users\donal\source\repos\tracker\Tracker.Shared\Tracker.Shared.csproj]
C:\Users\donal\source\repos\tracker\Tracker.Shared\Auth\AuthModels.cs(107,19): warning CS8618: Non-nullable property 'FirstName' must contain a non-null value when exiting constructor. Consider adding the 'required' modifier or declaring the property as nullable. [C:\Users\donal\source\repos\tracker\Tracker.Shared\Tracker.Shared.csproj]
C:\Users\donal\source\repos\tracker\Tracker.Shared\Auth\AuthModels.cs(108,19): warning CS8618: Non-nullable property 'LastName' must contain a non-null value when exiting constructor. Consider adding the 'required' modifier or declaring the property as nullable. [C:\Users\donal\source\repos\tracker\Tracker.Shared\Tracker.Shared.csproj]
C:\Users\donal\source\repos\tracker\Tracker.Shared\Auth\AuthModels.cs(109,19): warning CS8618: Non-nullable property 'Email' must contain a non-null value when exiting constructor. Consider adding the 'required' modifier or declaring the property as nullable. [C:\Users\donal\source\repos\tracker\Tracker.Shared\Tracker.Shared.csproj]
C:\Users\donal\source\repos\tracker\Tracker.Shared\Auth\AuthModels.cs(110,19): warning CS8618: Non-nullable property 'PhoneNumber' must contain a non-null value when exiting constructor. Consider adding the 'required' modifier or declaring the property as nullable. [C:\Users\donal\source\repos\tracker\Tracker.Shared\Tracker.Shared.csproj]
C:\Users\donal\source\repos\tracker\Tracker.Shared\Auth\AuthModels.cs(111,19): warning CS8618: Non-nullable property 'Role' must contain a non-null value when exiting constructor. Consider adding the 'required' modifier or declaring the property as nullable. [C:\Users\donal\source\repos\tracker\Tracker.Shared\Tracker.Shared.csproj]
C:\Users\donal\source\repos\tracker\Tracker.Shared\Auth\AuthModels.cs(112,19): warning CS8618: Non-nullable property 'OrganizationId' must contain a non-null value when exiting constructor. Consider adding the 'required' modifier or declaring the property as nullable. [C:\Users\donal\source\repos\tracker\Tracker.Shared\Tracker.Shared.csproj]
C:\Users\donal\source\repos\tracker\Tracker.Shared\Auth\AuthModels.cs(113,19): warning CS8618: Non-nullable property 'OrganizationName' must contain a non-null value when exiting constructor. Consider adding the 'required' modifier or declaring the property as nullable. [C:\Users\donal\source\repos\tracker\Tracker.Shared\Tracker.Shared.csproj]
C:\Users\donal\source\repos\tracker\Tracker.Shared\Models\ToastNotification.cs(16,23): warning CS8618: Non-nullable property 'Title' must contain a non-null value when exiting constructor. Consider adding the 'required' modifier or declaring the property as nullable. [C:\Users\donal\source\repos\tracker\Tracker.Shared\Tracker.Shared.csproj]
C:\Users\donal\source\repos\tracker\Tracker.Shared\Models\ToastNotification.cs(17,23): warning CS8618: Non-nullable property 'Message' must contain a non-null value when exiting constructor. Consider adding the 'required' modifier or declaring the property as nullable. [C:\Users\donal\source\repos\tracker\Tracker.Shared\Tracker.Shared.csproj]
  Tracker.Shared -> C:\Users\donal\source\repos\tracker\Tracker.Shared\bin\Debug\net8.0\Tracker.Shared.dll
C:\Users\donal\source\repos\tracker\Tracker.Client\Pages\Incidents\Edit.razor(36,1): error RZ1006: The else block is missing a closing "}" character.  Make sure you have a matching "}" character for all the "{" characters within this block, and that none of the "}" characters are being interpreted as markup. [C:\Users\donal\source\repos\tracker\Tracker.Client\Tracker.Client.csproj]
C:\Users\donal\source\repos\tracker\Tracker.Client\Pages\Incidents\Index.razor(12,1): error RZ9980: Unclosed tag 'div' with no matching end tag. [C:\Users\donal\source\repos\tracker\Tracker.Client\Tracker.Client.csproj]
C:\Users\donal\source\repos\tracker\Tracker.Client\Pages\Incidents\Index.razor(13,5): error RZ9980: Unclosed tag 'div' with no matching end tag. [C:\Users\donal\source\repos\tracker\Tracker.Client\Tracker.Client.csproj]
C:\Users\donal\source\repos\tracker\Tracker.Client\Pages\Incidents\Index.razor(14,9): error RZ9980: Unclosed tag 'div' with no matching end tag. [C:\Users\donal\source\repos\tracker\Tracker.Client\Tracker.Client.csproj]
C:\Users\donal\source\repos\tracker\Tracker.Client\Pages\Incidents\Index.razor(64,13): error RZ9980: Unclosed tag 'div' with no matching end tag. [C:\Users\donal\source\repos\tracker\Tracker.Client\Tracker.Client.csproj]
C:\Users\donal\source\repos\tracker\Tracker.Client\Pages\Incidents\Index.razor(95,17): error RZ1006: The else block is missing a closing "}" character.  Make sure you have a matching "}" character for all the "{" characters within this block, and that none of the "}" characters are being interpreted as markup. [C:\Users\donal\source\repos\tracker\Tracker.Client\Tracker.Client.csproj]
C:\Users\donal\source\repos\tracker\Tracker.Client\Pages\Incidents\Index.razor(270,17): error RZ9981: Unexpected closing tag 'div' with no matching start tag. [C:\Users\donal\source\repos\tracker\Tracker.Client\Tracker.Client.csproj]
C:\Users\donal\source\repos\tracker\Tracker.Client\Pages\Incidents\Index.razor(270,19): error RZ1026: Encountered end tag "div" with no matching start tag.  Are your start/end tags properly balanced? [C:\Users\donal\source\repos\tracker\Tracker.Client\Tracker.Client.csproj]
C:\Users\donal\source\repos\tracker\Tracker.Client\Pages\Incidents\Index.razor(271,13): error RZ9981: Unexpected closing tag 'div' with no matching start tag. [C:\Users\donal\source\repos\tracker\Tracker.Client\Tracker.Client.csproj]
C:\Users\donal\source\repos\tracker\Tracker.Client\Pages\Incidents\Index.razor(271,15): error RZ1026: Encountered end tag "div" with no matching start tag.  Are your start/end tags properly balanced? [C:\Users\donal\source\repos\tracker\Tracker.Client\Tracker.Client.csproj]
C:\Users\donal\source\repos\tracker\Tracker.Client\Pages\Incidents\Index.razor(272,9): error RZ9981: Unexpected closing tag 'div' with no matching start tag. [C:\Users\donal\source\repos\tracker\Tracker.Client\Tracker.Client.csproj]
C:\Users\donal\source\repos\tracker\Tracker.Client\Pages\Incidents\Index.razor(272,11): error RZ1026: Encountered end tag "div" with no matching start tag.  Are your start/end tags properly balanced? [C:\Users\donal\source\repos\tracker\Tracker.Client\Tracker.Client.csproj]
C:\Users\donal\source\repos\tracker\Tracker.Client\Pages\Incidents\Index.razor(273,5): error RZ9981: Unexpected closing tag 'div' with no matching start tag. [C:\Users\donal\source\repos\tracker\Tracker.Client\Tracker.Client.csproj]
C:\Users\donal\source\repos\tracker\Tracker.Client\Pages\Incidents\Index.razor(273,7): error RZ1026: Encountered end tag "div" with no matching start tag.  Are your start/end tags properly balanced? [C:\Users\donal\source\repos\tracker\Tracker.Client\Tracker.Client.csproj]
C:\Users\donal\source\repos\tracker\Tracker.Client\Pages\Incidents\Index.razor(274,1): error RZ9981: Unexpected closing tag 'div' with no matching start tag. [C:\Users\donal\source\repos\tracker\Tracker.Client\Tracker.Client.csproj]
C:\Users\donal\source\repos\tracker\Tracker.Client\Pages\Incidents\Index.razor(274,3): error RZ1026: Encountered end tag "div" with no matching start tag.  Are your start/end tags properly balanced? [C:\Users\donal\source\repos\tracker\Tracker.Client\Tracker.Client.csproj]
C:\Users\donal\source\repos\tracker\Tracker.Client\Pages\ForgotPassword.razor(4,28): error CS0234: The type or namespace name 'AuthModels' does not exist in the namespace 'Tracker.Shared.Auth' (are you missing an assembly reference?) [C:\Users\donal\source\repos\tracker\Tracker.Client\Tracker.Client.csproj]

Build FAILED.

C:\Users\donal\source\repos\tracker\Tracker.Shared\Services\ILogService.cs(10,29): warning CS8625: Cannot convert null literal to non-nullable reference type. [C:\Users\donal\source\repos\tracker\Tracker.Shared\Tracker.Shared.csproj]
C:\Users\donal\source\repos\tracker\Tracker.Shared\Services\ILogService.cs(11,24): warning CS8625: Cannot convert null literal to non-nullable reference type. [C:\Users\donal\source\repos\tracker\Tracker.Shared\Tracker.Shared.csproj]
C:\Users\donal\source\repos\tracker\Tracker.Shared\Auth\AuthModels.cs(34,19): warning CS8618: Non-nullable property 'Email' must contain a non-null value when exiting constructor. Consider adding the 'required' modifier or declaring the property as nullable. [C:\Users\donal\source\repos\tracker\Tracker.Shared\Tracker.Shared.csproj]
C:\Users\donal\source\repos\tracker\Tracker.Shared\Auth\AuthModels.cs(38,19): warning CS8618: Non-nullable property 'Password' must contain a non-null value when exiting constructor. Consider adding the 'required' modifier or declaring the property as nullable. [C:\Users\donal\source\repos\tracker\Tracker.Shared\Tracker.Shared.csproj]
C:\Users\donal\source\repos\tracker\Tracker.Shared\Auth\AuthModels.cs(8,19): warning CS8618: Non-nullable property 'FirstName' must contain a non-null value when exiting constructor. Consider adding the 'required' modifier or declaring the property as nullable. [C:\Users\donal\source\repos\tracker\Tracker.Shared\Tracker.Shared.csproj]
C:\Users\donal\source\repos\tracker\Tracker.Shared\Auth\AuthModels.cs(11,19): warning CS8618: Non-nullable property 'LastName' must contain a non-null value when exiting constructor. Consider adding the 'required' modifier or declaring the property as nullable. [C:\Users\donal\source\repos\tracker\Tracker.Shared\Tracker.Shared.csproj]
C:\Users\donal\source\repos\tracker\Tracker.Shared\Auth\AuthModels.cs(15,19): warning CS8618: Non-nullable property 'Email' must contain a non-null value when exiting constructor. Consider adding the 'required' modifier or declaring the property as nullable. [C:\Users\donal\source\repos\tracker\Tracker.Shared\Tracker.Shared.csproj]
C:\Users\donal\source\repos\tracker\Tracker.Shared\Auth\AuthModels.cs(20,19): warning CS8618: Non-nullable property 'Password' must contain a non-null value when exiting constructor. Consider adding the 'required' modifier or declaring the property as nullable. [C:\Users\donal\source\repos\tracker\Tracker.Shared\Tracker.Shared.csproj]
C:\Users\donal\source\repos\tracker\Tracker.Shared\Auth\AuthModels.cs(24,19): warning CS8618: Non-nullable property 'ConfirmPassword' must contain a non-null value when exiting constructor. Consider adding the 'required' modifier or declaring the property as nullable. [C:\Users\donal\source\repos\tracker\Tracker.Shared\Tracker.Shared.csproj]
C:\Users\donal\source\repos\tracker\Tracker.Shared\Auth\AuthModels.cs(58,19): warning CS8618: Non-nullable property 'Token' must contain a non-null value when exiting constructor. Consider adding the 'required' modifier or declaring the property as nullable. [C:\Users\donal\source\repos\tracker\Tracker.Shared\Tracker.Shared.csproj]
C:\Users\donal\source\repos\tracker\Tracker.Shared\Auth\AuthModels.cs(59,19): warning CS8618: Non-nullable property 'RefreshToken' must contain a non-null value when exiting constructor. Consider adding the 'required' modifier or declaring the property as nullable. [C:\Users\donal\source\repos\tracker\Tracker.Shared\Tracker.Shared.csproj]
C:\Users\donal\source\repos\tracker\Tracker.Shared\Auth\AuthModels.cs(66,19): warning CS8618: Non-nullable property 'Email' must contain a non-null value when exiting constructor. Consider adding the 'required' modifier or declaring the property as nullable. [C:\Users\donal\source\repos\tracker\Tracker.Shared\Tracker.Shared.csproj]
C:\Users\donal\source\repos\tracker\Tracker.Shared\Models\TimelineEntryDto.cs(18,23): warning CS8618: Non-nullable property 'Event' must contain a non-null value when exiting constructor. Consider adding the 'required' modifier or declaring the property as nullable. [C:\Users\donal\source\repos\tracker\Tracker.Shared\Tracker.Shared.csproj]
C:\Users\donal\source\repos\tracker\Tracker.Shared\Models\TimelineEntryDto.cs(19,23): warning CS8618: Non-nullable property 'Description' must contain a non-null value when exiting constructor. Consider adding the 'required' modifier or declaring the property as nullable. [C:\Users\donal\source\repos\tracker\Tracker.Shared\Tracker.Shared.csproj]
C:\Users\donal\source\repos\tracker\Tracker.Shared\Auth\AuthModels.cs(45,19): warning CS8618: Non-nullable property 'Token' must contain a non-null value when exiting constructor. Consider adding the 'required' modifier or declaring the property as nullable. [C:\Users\donal\source\repos\tracker\Tracker.Shared\Tracker.Shared.csproj]
C:\Users\donal\source\repos\tracker\Tracker.Shared\Auth\AuthModels.cs(46,19): warning CS8618: Non-nullable property 'RefreshToken' must contain a non-null value when exiting constructor. Consider adding the 'required' modifier or declaring the property as nullable. [C:\Users\donal\source\repos\tracker\Tracker.Shared\Tracker.Shared.csproj]
C:\Users\donal\source\repos\tracker\Tracker.Shared\Auth\AuthModels.cs(48,19): warning CS8618: Non-nullable property 'UserId' must contain a non-null value when exiting constructor. Consider adding the 'required' modifier or declaring the property as nullable. [C:\Users\donal\source\repos\tracker\Tracker.Shared\Tracker.Shared.csproj]
C:\Users\donal\source\repos\tracker\Tracker.Shared\Auth\AuthModels.cs(49,19): warning CS8618: Non-nullable property 'Email' must contain a non-null value when exiting constructor. Consider adding the 'required' modifier or declaring the property as nullable. [C:\Users\donal\source\repos\tracker\Tracker.Shared\Tracker.Shared.csproj]
C:\Users\donal\source\repos\tracker\Tracker.Shared\Auth\AuthModels.cs(50,19): warning CS8618: Non-nullable property 'FirstName' must contain a non-null value when exiting constructor. Consider adding the 'required' modifier or declaring the property as nullable. [C:\Users\donal\source\repos\tracker\Tracker.Shared\Tracker.Shared.csproj]
C:\Users\donal\source\repos\tracker\Tracker.Shared\Auth\AuthModels.cs(51,19): warning CS8618: Non-nullable property 'LastName' must contain a non-null value when exiting constructor. Consider adding the 'required' modifier or declaring the property as nullable. [C:\Users\donal\source\repos\tracker\Tracker.Shared\Tracker.Shared.csproj]
C:\Users\donal\source\repos\tracker\Tracker.Shared\Auth\AuthModels.cs(52,19): warning CS8618: Non-nullable property 'Role' must contain a non-null value when exiting constructor. Consider adding the 'required' modifier or declaring the property as nullable. [C:\Users\donal\source\repos\tracker\Tracker.Shared\Tracker.Shared.csproj]
C:\Users\donal\source\repos\tracker\Tracker.Shared\Auth\AuthModels.cs(53,19): warning CS8618: Non-nullable property 'OrganizationId' must contain a non-null value when exiting constructor. Consider adding the 'required' modifier or declaring the property as nullable. [C:\Users\donal\source\repos\tracker\Tracker.Shared\Tracker.Shared.csproj]
C:\Users\donal\source\repos\tracker\Tracker.Shared\Models\TimelineEntryDto.cs(7,23): warning CS8618: Non-nullable property 'Id' must contain a non-null value when exiting constructor. Consider adding the 'required' modifier or declaring the property as nullable. [C:\Users\donal\source\repos\tracker\Tracker.Shared\Tracker.Shared.csproj]
C:\Users\donal\source\repos\tracker\Tracker.Shared\Models\TimelineEntryDto.cs(8,23): warning CS8618: Non-nullable property 'IncidentId' must contain a non-null value when exiting constructor. Consider adding the 'required' modifier or declaring the property as nullable. [C:\Users\donal\source\repos\tracker\Tracker.Shared\Tracker.Shared.csproj]
C:\Users\donal\source\repos\tracker\Tracker.Shared\Models\TimelineEntryDto.cs(10,23): warning CS8618: Non-nullable property 'Event' must contain a non-null value when exiting constructor. Consider adding the 'required' modifier or declaring the property as nullable. [C:\Users\donal\source\repos\tracker\Tracker.Shared\Tracker.Shared.csproj]
C:\Users\donal\source\repos\tracker\Tracker.Shared\Models\TimelineEntryDto.cs(11,23): warning CS8618: Non-nullable property 'Description' must contain a non-null value when exiting constructor. Consider adding the 'required' modifier or declaring the property as nullable. [C:\Users\donal\source\repos\tracker\Tracker.Shared\Tracker.Shared.csproj]
C:\Users\donal\source\repos\tracker\Tracker.Shared\Models\TimelineEntryDto.cs(12,23): warning CS8618: Non-nullable property 'UpdatedById' must contain a non-null value when exiting constructor. Consider adding the 'required' modifier or declaring the property as nullable. [C:\Users\donal\source\repos\tracker\Tracker.Shared\Tracker.Shared.csproj]
C:\Users\donal\source\repos\tracker\Tracker.Shared\Models\TimelineEntryDto.cs(13,23): warning CS8618: Non-nullable property 'UpdatedByName' must contain a non-null value when exiting constructor. Consider adding the 'required' modifier or declaring the property as nullable. [C:\Users\donal\source\repos\tracker\Tracker.Shared\Tracker.Shared.csproj]
C:\Users\donal\source\repos\tracker\Tracker.Shared\Auth\AuthModels.cs(73,19): warning CS8618: Non-nullable property 'Email' must contain a non-null value when exiting constructor. Consider adding the 'required' modifier or declaring the property as nullable. [C:\Users\donal\source\repos\tracker\Tracker.Shared\Tracker.Shared.csproj]
C:\Users\donal\source\repos\tracker\Tracker.Shared\Auth\AuthModels.cs(78,19): warning CS8618: Non-nullable property 'Password' must contain a non-null value when exiting constructor. Consider adding the 'required' modifier or declaring the property as nullable. [C:\Users\donal\source\repos\tracker\Tracker.Shared\Tracker.Shared.csproj]
C:\Users\donal\source\repos\tracker\Tracker.Shared\Auth\AuthModels.cs(82,19): warning CS8618: Non-nullable property 'ConfirmPassword' must contain a non-null value when exiting constructor. Consider adding the 'required' modifier or declaring the property as nullable. [C:\Users\donal\source\repos\tracker\Tracker.Shared\Tracker.Shared.csproj]
C:\Users\donal\source\repos\tracker\Tracker.Shared\Auth\AuthModels.cs(85,19): warning CS8618: Non-nullable property 'Token' must contain a non-null value when exiting constructor. Consider adding the 'required' modifier or declaring the property as nullable. [C:\Users\donal\source\repos\tracker\Tracker.Shared\Tracker.Shared.csproj]
C:\Users\donal\source\repos\tracker\Tracker.Shared\Auth\AuthModels.cs(92,19): warning CS8618: Non-nullable property 'CurrentPassword' must contain a non-null value when exiting constructor. Consider adding the 'required' modifier or declaring the property as nullable. [C:\Users\donal\source\repos\tracker\Tracker.Shared\Tracker.Shared.csproj]
C:\Users\donal\source\repos\tracker\Tracker.Shared\Auth\AuthModels.cs(97,19): warning CS8618: Non-nullable property 'NewPassword' must contain a non-null value when exiting constructor. Consider adding the 'required' modifier or declaring the property as nullable. [C:\Users\donal\source\repos\tracker\Tracker.Shared\Tracker.Shared.csproj]
C:\Users\donal\source\repos\tracker\Tracker.Shared\Auth\AuthModels.cs(101,19): warning CS8618: Non-nullable property 'ConfirmNewPassword' must contain a non-null value when exiting constructor. Consider adding the 'required' modifier or declaring the property as nullable. [C:\Users\donal\source\repos\tracker\Tracker.Shared\Tracker.Shared.csproj]
C:\Users\donal\source\repos\tracker\Tracker.Shared\Auth\AuthModels.cs(106,19): warning CS8618: Non-nullable property 'Id' must contain a non-null value when exiting constructor. Consider adding the 'required' modifier or declaring the property as nullable. [C:\Users\donal\source\repos\tracker\Tracker.Shared\Tracker.Shared.csproj]
C:\Users\donal\source\repos\tracker\Tracker.Shared\Auth\AuthModels.cs(107,19): warning CS8618: Non-nullable property 'FirstName' must contain a non-null value when exiting constructor. Consider adding the 'required' modifier or declaring the property as nullable. [C:\Users\donal\source\repos\tracker\Tracker.Shared\Tracker.Shared.csproj]
C:\Users\donal\source\repos\tracker\Tracker.Shared\Auth\AuthModels.cs(108,19): warning CS8618: Non-nullable property 'LastName' must contain a non-null value when exiting constructor. Consider adding the 'required' modifier or declaring the property as nullable. [C:\Users\donal\source\repos\tracker\Tracker.Shared\Tracker.Shared.csproj]
C:\Users\donal\source\repos\tracker\Tracker.Shared\Auth\AuthModels.cs(109,19): warning CS8618: Non-nullable property 'Email' must contain a non-null value when exiting constructor. Consider adding the 'required' modifier or declaring the property as nullable. [C:\Users\donal\source\repos\tracker\Tracker.Shared\Tracker.Shared.csproj]
C:\Users\donal\source\repos\tracker\Tracker.Shared\Auth\AuthModels.cs(110,19): warning CS8618: Non-nullable property 'PhoneNumber' must contain a non-null value when exiting constructor. Consider adding the 'required' modifier or declaring the property as nullable. [C:\Users\donal\source\repos\tracker\Tracker.Shared\Tracker.Shared.csproj]
C:\Users\donal\source\repos\tracker\Tracker.Shared\Auth\AuthModels.cs(111,19): warning CS8618: Non-nullable property 'Role' must contain a non-null value when exiting constructor. Consider adding the 'required' modifier or declaring the property as nullable. [C:\Users\donal\source\repos\tracker\Tracker.Shared\Tracker.Shared.csproj]
C:\Users\donal\source\repos\tracker\Tracker.Shared\Auth\AuthModels.cs(112,19): warning CS8618: Non-nullable property 'OrganizationId' must contain a non-null value when exiting constructor. Consider adding the 'required' modifier or declaring the property as nullable. [C:\Users\donal\source\repos\tracker\Tracker.Shared\Tracker.Shared.csproj]
C:\Users\donal\source\repos\tracker\Tracker.Shared\Auth\AuthModels.cs(113,19): warning CS8618: Non-nullable property 'OrganizationName' must contain a non-null value when exiting constructor. Consider adding the 'required' modifier or declaring the property as nullable. [C:\Users\donal\source\repos\tracker\Tracker.Shared\Tracker.Shared.csproj]
C:\Users\donal\source\repos\tracker\Tracker.Shared\Models\ToastNotification.cs(16,23): warning CS8618: Non-nullable property 'Title' must contain a non-null value when exiting constructor. Consider adding the 'required' modifier or declaring the property as nullable. [C:\Users\donal\source\repos\tracker\Tracker.Shared\Tracker.Shared.csproj]
C:\Users\donal\source\repos\tracker\Tracker.Shared\Models\ToastNotification.cs(17,23): warning CS8618: Non-nullable property 'Message' must contain a non-null value when exiting constructor. Consider adding the 'required' modifier or declaring the property as nullable. [C:\Users\donal\source\repos\tracker\Tracker.Shared\Tracker.Shared.csproj]
C:\Users\donal\source\repos\tracker\Tracker.Client\Pages\Incidents\Edit.razor(36,1): error RZ1006: The else block is missing a closing "}" character.  Make sure you have a matching "}" character for all the "{" characters within this block, and that none of the "}" characters are being interpreted as markup. [C:\Users\donal\source\repos\tracker\Tracker.Client\Tracker.Client.csproj]
C:\Users\donal\source\repos\tracker\Tracker.Client\Pages\Incidents\Index.razor(12,1): error RZ9980: Unclosed tag 'div' with no matching end tag. [C:\Users\donal\source\repos\tracker\Tracker.Client\Tracker.Client.csproj]
C:\Users\donal\source\repos\tracker\Tracker.Client\Pages\Incidents\Index.razor(13,5): error RZ9980: Unclosed tag 'div' with no matching end tag. [C:\Users\donal\source\repos\tracker\Tracker.Client\Tracker.Client.csproj]
C:\Users\donal\source\repos\tracker\Tracker.Client\Pages\Incidents\Index.razor(14,9): error RZ9980: Unclosed tag 'div' with no matching end tag. [C:\Users\donal\source\repos\tracker\Tracker.Client\Tracker.Client.csproj]
C:\Users\donal\source\repos\tracker\Tracker.Client\Pages\Incidents\Index.razor(64,13): error RZ9980: Unclosed tag 'div' with no matching end tag. [C:\Users\donal\source\repos\tracker\Tracker.Client\Tracker.Client.csproj]
C:\Users\donal\source\repos\tracker\Tracker.Client\Pages\Incidents\Index.razor(95,17): error RZ1006: The else block is missing a closing "}" character.  Make sure you have a matching "}" character for all the "{" characters within this block, and that none of the "}" characters are being interpreted as markup. [C:\Users\donal\source\repos\tracker\Tracker.Client\Tracker.Client.csproj]
C:\Users\donal\source\repos\tracker\Tracker.Client\Pages\Incidents\Index.razor(270,17): error RZ9981: Unexpected closing tag 'div' with no matching start tag. [C:\Users\donal\source\repos\tracker\Tracker.Client\Tracker.Client.csproj]
C:\Users\donal\source\repos\tracker\Tracker.Client\Pages\Incidents\Index.razor(270,19): error RZ1026: Encountered end tag "div" with no matching start tag.  Are your start/end tags properly balanced? [C:\Users\donal\source\repos\tracker\Tracker.Client\Tracker.Client.csproj]
C:\Users\donal\source\repos\tracker\Tracker.Client\Pages\Incidents\Index.razor(271,13): error RZ9981: Unexpected closing tag 'div' with no matching start tag. [C:\Users\donal\source\repos\tracker\Tracker.Client\Tracker.Client.csproj]
C:\Users\donal\source\repos\tracker\Tracker.Client\Pages\Incidents\Index.razor(271,15): error RZ1026: Encountered end tag "div" with no matching start tag.  Are your start/end tags properly balanced? [C:\Users\donal\source\repos\tracker\Tracker.Client\Tracker.Client.csproj]
C:\Users\donal\source\repos\tracker\Tracker.Client\Pages\Incidents\Index.razor(272,9): error RZ9981: Unexpected closing tag 'div' with no matching start tag. [C:\Users\donal\source\repos\tracker\Tracker.Client\Tracker.Client.csproj]
C:\Users\donal\source\repos\tracker\Tracker.Client\Pages\Incidents\Index.razor(272,11): error RZ1026: Encountered end tag "div" with no matching start tag.  Are your start/end tags properly balanced? [C:\Users\donal\source\repos\tracker\Tracker.Client\Tracker.Client.csproj]
C:\Users\donal\source\repos\tracker\Tracker.Client\Pages\Incidents\Index.razor(273,5): error RZ9981: Unexpected closing tag 'div' with no matching start tag. [C:\Users\donal\source\repos\tracker\Tracker.Client\Tracker.Client.csproj]
C:\Users\donal\source\repos\tracker\Tracker.Client\Pages\Incidents\Index.razor(273,7): error RZ1026: Encountered end tag "div" with no matching start tag.  Are your start/end tags properly balanced? [C:\Users\donal\source\repos\tracker\Tracker.Client\Tracker.Client.csproj]
C:\Users\donal\source\repos\tracker\Tracker.Client\Pages\Incidents\Index.razor(274,1): error RZ9981: Unexpected closing tag 'div' with no matching start tag. [C:\Users\donal\source\repos\tracker\Tracker.Client\Tracker.Client.csproj]
C:\Users\donal\source\repos\tracker\Tracker.Client\Pages\Incidents\Index.razor(274,3): error RZ1026: Encountered end tag "div" with no matching start tag.  Are your start/end tags properly balanced? [C:\Users\donal\source\repos\tracker\Tracker.Client\Tracker.Client.csproj]
C:\Users\donal\source\repos\tracker\Tracker.Client\Pages\ForgotPassword.razor(4,28): error CS0234: The type or namespace name 'AuthModels' does not exist in the namespace 'Tracker.Shared.Auth' (are you missing an assembly reference?) [C:\Users\donal\source\repos\tracker\Tracker.Client\Tracker.Client.csproj]
    45 Warning(s)
    17 Error(s)

Time Elapsed 00:00:01.49
